
> frontend@0.1.0 build
> next build

   next-swc build: wasm build @next/swc-wasm-nodejs
 ⚠ Attempted to load @next/swc-win32-x64-msvc, but an error occurred: A dynamic link library (DLL) initialization routine failed.
\\?\C:\Users\SITECH\Desktop\DEV\Distribution-Managment\frontend\node_modules\@next\swc-win32-x64-msvc\next-swc.win32-x64-msvc.node
   ▲ Next.js 15.5.6
   - Environments: .env.local, .env.production
   - Experiments (use with caution):
     ⨯ reactCompiler
     · serverActions
     · optimizePackageImports
     ✓ webpackMemoryOptimizations

   Creating an optimized production build ...
<w> [webpack.cache.PackFileCacheStrategy] Serializing big strings (118kiB) impacts deserialization performance (consider using Buffer instead and decode when needed)
 ✓ Compiled successfully in 65s
   Linting and checking validity of types ...

./src/lib/logger.ts
69:5  Warning: Use logger from @/lib/logger instead of console. Example: logger.info('message', { context })  no-restricted-syntax
69:5  Warning: Unexpected console statement. Only these console methods are allowed: error.  no-console
77:5  Warning: Use logger from @/lib/logger instead of console. Example: logger.info('message', { context })  no-restricted-syntax
77:5  Warning: Unexpected console statement. Only these console methods are allowed: error.  no-console
85:5  Warning: Use logger from @/lib/logger instead of console. Example: logger.info('message', { context })  no-restricted-syntax
85:5  Warning: Unexpected console statement. Only these console methods are allowed: error.  no-console
106:5  Warning: Use logger from @/lib/logger instead of console. Example: logger.info('message', { context })  no-restricted-syntax
106:5  Warning: Unexpected console statement. Only these console methods are allowed: error.  no-console
115:5  Warning: Use logger from @/lib/logger instead of console. Example: logger.info('message', { context })  no-restricted-syntax
115:5  Warning: Unexpected console statement. Only these console methods are allowed: error.  no-console
127:7  Warning: Use logger from @/lib/logger instead of console. Example: logger.info('message', { context })  no-restricted-syntax
127:7  Warning: Unexpected console statement. Only these console methods are allowed: error.  no-console
189:7  Warning: Use logger from @/lib/logger instead of console. Example: logger.info('message', { context })  no-restricted-syntax
189:7  Warning: Unexpected console statement. Only these console methods are allowed: error.  no-console
195:7  Warning: Use logger from @/lib/logger instead of console. Example: logger.info('message', { context })  no-restricted-syntax
195:7  Warning: Unexpected console statement. Only these console methods are allowed: error.  no-console
201:7  Warning: Use logger from @/lib/logger instead of console. Example: logger.info('message', { context })  no-restricted-syntax
201:7  Warning: Unexpected console statement. Only these console methods are allowed: error.  no-console
207:7  Warning: Use logger from @/lib/logger instead of console. Example: logger.info('message', { context })  no-restricted-syntax
207:7  Warning: Unexpected console statement. Only these console methods are allowed: error.  no-console

./src/lib/monitoring/sla-tracker.test.ts
17:3  Warning: Use logger from @/lib/logger instead of console. Example: logger.info('message', { context })  no-restricted-syntax
17:3  Warning: Unexpected console statement. Only these console methods are allowed: error.  no-console
39:3  Warning: Use logger from @/lib/logger instead of console. Example: logger.info('message', { context })  no-restricted-syntax
39:3  Warning: Unexpected console statement. Only these console methods are allowed: error.  no-console
44:3  Warning: Use logger from @/lib/logger instead of console. Example: logger.info('message', { context })  no-restricted-syntax
44:3  Warning: Unexpected console statement. Only these console methods are allowed: error.  no-console
48:3  Warning: Use logger from @/lib/logger instead of console. Example: logger.info('message', { context })  no-restricted-syntax
48:3  Warning: Unexpected console statement. Only these console methods are allowed: error.  no-console
50:5  Warning: Use logger from @/lib/logger instead of console. Example: logger.info('message', { context })  no-restricted-syntax
50:5  Warning: Unexpected console statement. Only these console methods are allowed: error.  no-console
51:5  Warning: Use logger from @/lib/logger instead of console. Example: logger.info('message', { context })  no-restricted-syntax
51:5  Warning: Unexpected console statement. Only these console methods are allowed: error.  no-console
52:5  Warning: Use logger from @/lib/logger instead of console. Example: logger.info('message', { context })  no-restricted-syntax
52:5  Warning: Unexpected console statement. Only these console methods are allowed: error.  no-console
53:5  Warning: Use logger from @/lib/logger instead of console. Example: logger.info('message', { context })  no-restricted-syntax
53:5  Warning: Unexpected console statement. Only these console methods are allowed: error.  no-console
54:5  Warning: Use logger from @/lib/logger instead of console. Example: logger.info('message', { context })  no-restricted-syntax
54:5  Warning: Unexpected console statement. Only these console methods are allowed: error.  no-console
55:5  Warning: Use logger from @/lib/logger instead of console. Example: logger.info('message', { context })  no-restricted-syntax
55:5  Warning: Unexpected console statement. Only these console methods are allowed: error.  no-console
56:5  Warning: Use logger from @/lib/logger instead of console. Example: logger.info('message', { context })  no-restricted-syntax
56:5  Warning: Unexpected console statement. Only these console methods are allowed: error.  no-console
62:3  Warning: Use logger from @/lib/logger instead of console. Example: logger.info('message', { context })  no-restricted-syntax
62:3  Warning: Unexpected console statement. Only these console methods are allowed: error.  no-console
82:3  Warning: Use logger from @/lib/logger instead of console. Example: logger.info('message', { context })  no-restricted-syntax
82:3  Warning: Unexpected console statement. Only these console methods are allowed: error.  no-console
86:5  Warning: Use logger from @/lib/logger instead of console. Example: logger.info('message', { context })  no-restricted-syntax
86:5  Warning: Unexpected console statement. Only these console methods are allowed: error.  no-console
87:5  Warning: Use logger from @/lib/logger instead of console. Example: logger.info('message', { context })  no-restricted-syntax
87:5  Warning: Unexpected console statement. Only these console methods are allowed: error.  no-console
88:5  Warning: Use logger from @/lib/logger instead of console. Example: logger.info('message', { context })  no-restricted-syntax
88:5  Warning: Unexpected console statement. Only these console methods are allowed: error.  no-console
91:3  Warning: Use logger from @/lib/logger instead of console. Example: logger.info('message', { context })  no-restricted-syntax
91:3  Warning: Unexpected console statement. Only these console methods are allowed: error.  no-console
96:3  Warning: Use logger from @/lib/logger instead of console. Example: logger.info('message', { context })  no-restricted-syntax
96:3  Warning: Unexpected console statement. Only these console methods are allowed: error.  no-console
100:5  Warning: Use logger from @/lib/logger instead of console. Example: logger.info('message', { context })  no-restricted-syntax
100:5  Warning: Unexpected console statement. Only these console methods are allowed: error.  no-console
104:3  Warning: Use logger from @/lib/logger instead of console. Example: logger.info('message', { context })  no-restricted-syntax
104:3  Warning: Unexpected console statement. Only these console methods are allowed: error.  no-console
107:3  Warning: Use logger from @/lib/logger instead of console. Example: logger.info('message', { context })  no-restricted-syntax
107:3  Warning: Unexpected console statement. Only these console methods are allowed: error.  no-console
110:3  Warning: Use logger from @/lib/logger instead of console. Example: logger.info('message', { context })  no-restricted-syntax
110:3  Warning: Unexpected console statement. Only these console methods are allowed: error.  no-console
116:3  Warning: Use logger from @/lib/logger instead of console. Example: logger.info('message', { context })  no-restricted-syntax
116:3  Warning: Unexpected console statement. Only these console methods are allowed: error.  no-console
126:3  Warning: Use logger from @/lib/logger instead of console. Example: logger.info('message', { context })  no-restricted-syntax
126:3  Warning: Unexpected console statement. Only these console methods are allowed: error.  no-console
127:3  Warning: Use logger from @/lib/logger instead of console. Example: logger.info('message', { context })  no-restricted-syntax
127:3  Warning: Unexpected console statement. Only these console methods are allowed: error.  no-console
128:3  Warning: Use logger from @/lib/logger instead of console. Example: logger.info('message', { context })  no-restricted-syntax
128:3  Warning: Unexpected console statement. Only these console methods are allowed: error.  no-console
134:3  Warning: Use logger from @/lib/logger instead of console. Example: logger.info('message', { context })  no-restricted-syntax
134:3  Warning: Unexpected console statement. Only these console methods are allowed: error.  no-console
139:3  Warning: Use logger from @/lib/logger instead of console. Example: logger.info('message', { context })  no-restricted-syntax
139:3  Warning: Unexpected console statement. Only these console methods are allowed: error.  no-console
142:3  Warning: Use logger from @/lib/logger instead of console. Example: logger.info('message', { context })  no-restricted-syntax
142:3  Warning: Unexpected console statement. Only these console methods are allowed: error.  no-console
143:3  Warning: Use logger from @/lib/logger instead of console. Example: logger.info('message', { context })  no-restricted-syntax
143:3  Warning: Unexpected console statement. Only these console methods are allowed: error.  no-console
148:3  Warning: Use logger from @/lib/logger instead of console. Example: logger.info('message', { context })  no-restricted-syntax
148:3  Warning: Unexpected console statement. Only these console methods are allowed: error.  no-console
153:3  Warning: Use logger from @/lib/logger instead of console. Example: logger.info('message', { context })  no-restricted-syntax
153:3  Warning: Unexpected console statement. Only these console methods are allowed: error.  no-console
154:3  Warning: Use logger from @/lib/logger instead of console. Example: logger.info('message', { context })  no-restricted-syntax
154:3  Warning: Unexpected console statement. Only these console methods are allowed: error.  no-console
165:5  Warning: Use logger from @/lib/logger instead of console. Example: logger.info('message', { context })  no-restricted-syntax
165:5  Warning: Unexpected console statement. Only these console methods are allowed: error.  no-console
166:5  Warning: Use logger from @/lib/logger instead of console. Example: logger.info('message', { context })  no-restricted-syntax
166:5  Warning: Unexpected console statement. Only these console methods are allowed: error.  no-console
167:5  Warning: Use logger from @/lib/logger instead of console. Example: logger.info('message', { context })  no-restricted-syntax
167:5  Warning: Unexpected console statement. Only these console methods are allowed: error.  no-console
168:5  Warning: Use logger from @/lib/logger instead of console. Example: logger.info('message', { context })  no-restricted-syntax
168:5  Warning: Unexpected console statement. Only these console methods are allowed: error.  no-console
169:5  Warning: Use logger from @/lib/logger instead of console. Example: logger.info('message', { context })  no-restricted-syntax
169:5  Warning: Unexpected console statement. Only these console methods are allowed: error.  no-console
170:5  Warning: Use logger from @/lib/logger instead of console. Example: logger.info('message', { context })  no-restricted-syntax
170:5  Warning: Unexpected console statement. Only these console methods are allowed: error.  no-console
171:5  Warning: Use logger from @/lib/logger instead of console. Example: logger.info('message', { context })  no-restricted-syntax
171:5  Warning: Unexpected console statement. Only these console methods are allowed: error.  no-console
172:5  Warning: Use logger from @/lib/logger instead of console. Example: logger.info('message', { context })  no-restricted-syntax
172:5  Warning: Unexpected console statement. Only these console methods are allowed: error.  no-console
173:5  Warning: Use logger from @/lib/logger instead of console. Example: logger.info('message', { context })  no-restricted-syntax
173:5  Warning: Unexpected console statement. Only these console methods are allowed: error.  no-console
174:5  Warning: Use logger from @/lib/logger instead of console. Example: logger.info('message', { context })  no-restricted-syntax
174:5  Warning: Unexpected console statement. Only these console methods are allowed: error.  no-console
177:5  Warning: Use logger from @/lib/logger instead of console. Example: logger.info('message', { context })  no-restricted-syntax
177:5  Warning: Unexpected console statement. Only these console methods are allowed: error.  no-console
178:5  Warning: Use logger from @/lib/logger instead of console. Example: logger.info('message', { context })  no-restricted-syntax
178:5  Warning: Unexpected console statement. Only these console methods are allowed: error.  no-console
179:5  Warning: Use logger from @/lib/logger instead of console. Example: logger.info('message', { context })  no-restricted-syntax
179:5  Warning: Unexpected console statement. Only these console methods are allowed: error.  no-console
180:5  Warning: Use logger from @/lib/logger instead of console. Example: logger.info('message', { context })  no-restricted-syntax
180:5  Warning: Unexpected console statement. Only these console methods are allowed: error.  no-console
181:5  Warning: Use logger from @/lib/logger instead of console. Example: logger.info('message', { context })  no-restricted-syntax
181:5  Warning: Unexpected console statement. Only these console methods are allowed: error.  no-console

./src/lib/testing/query-provider.test.ts
25:5  Warning: Use logger from @/lib/logger instead of console. Example: logger.info('message', { context })  no-restricted-syntax
25:5  Warning: Unexpected console statement. Only these console methods are allowed: error.  no-console
50:5  Warning: Use logger from @/lib/logger instead of console. Example: logger.info('message', { context })  no-restricted-syntax
50:5  Warning: Unexpected console statement. Only these console methods are allowed: error.  no-console
75:7  Warning: Use logger from @/lib/logger instead of console. Example: logger.info('message', { context })  no-restricted-syntax
75:7  Warning: Unexpected console statement. Only these console methods are allowed: error.  no-console
83:5  Warning: Use logger from @/lib/logger instead of console. Example: logger.info('message', { context })  no-restricted-syntax
83:5  Warning: Unexpected console statement. Only these console methods are allowed: error.  no-console
106:7  Warning: Use logger from @/lib/logger instead of console. Example: logger.info('message', { context })  no-restricted-syntax
106:7  Warning: Unexpected console statement. Only these console methods are allowed: error.  no-console
114:5  Warning: Use logger from @/lib/logger instead of console. Example: logger.info('message', { context })  no-restricted-syntax
114:5  Warning: Unexpected console statement. Only these console methods are allowed: error.  no-console
121:11  Warning: Use logger from @/lib/logger instead of console. Example: logger.info('message', { context })  no-restricted-syntax
121:11  Warning: Unexpected console statement. Only these console methods are allowed: error.  no-console
124:11  Warning: Use logger from @/lib/logger instead of console. Example: logger.info('message', { context })  no-restricted-syntax
124:11  Warning: Unexpected console statement. Only these console methods are allowed: error.  no-console
143:7  Warning: Use logger from @/lib/logger instead of console. Example: logger.info('message', { context })  no-restricted-syntax
143:7  Warning: Unexpected console statement. Only these console methods are allowed: error.  no-console
151:5  Warning: Use logger from @/lib/logger instead of console. Example: logger.info('message', { context })  no-restricted-syntax
151:5  Warning: Unexpected console statement. Only these console methods are allowed: error.  no-console
191:7  Warning: Use logger from @/lib/logger instead of console. Example: logger.info('message', { context })  no-restricted-syntax
191:7  Warning: Unexpected console statement. Only these console methods are allowed: error.  no-console
199:5  Warning: Use logger from @/lib/logger instead of console. Example: logger.info('message', { context })  no-restricted-syntax
199:5  Warning: Unexpected console statement. Only these console methods are allowed: error.  no-console
212:7  Warning: Use logger from @/lib/logger instead of console. Example: logger.info('message', { context })  no-restricted-syntax
212:7  Warning: Unexpected console statement. Only these console methods are allowed: error.  no-console
220:5  Warning: Use logger from @/lib/logger instead of console. Example: logger.info('message', { context })  no-restricted-syntax
220:5  Warning: Unexpected console statement. Only these console methods are allowed: error.  no-console
260:7  Warning: Use logger from @/lib/logger instead of console. Example: logger.info('message', { context })  no-restricted-syntax
260:7  Warning: Unexpected console statement. Only these console methods are allowed: error.  no-console
268:5  Warning: Use logger from @/lib/logger instead of console. Example: logger.info('message', { context })  no-restricted-syntax
268:5  Warning: Unexpected console statement. Only these console methods are allowed: error.  no-console
299:7  Warning: Use logger from @/lib/logger instead of console. Example: logger.info('message', { context })  no-restricted-syntax
299:7  Warning: Unexpected console statement. Only these console methods are allowed: error.  no-console
377:5  Warning: Use logger from @/lib/logger instead of console. Example: logger.info('message', { context })  no-restricted-syntax
377:5  Warning: Unexpected console statement. Only these console methods are allowed: error.  no-console
386:5  Warning: Use logger from @/lib/logger instead of console. Example: logger.info('message', { context })  no-restricted-syntax
386:5  Warning: Unexpected console statement. Only these console methods are allowed: error.  no-console
395:5  Warning: Use logger from @/lib/logger instead of console. Example: logger.info('message', { context })  no-restricted-syntax
395:5  Warning: Unexpected console statement. Only these console methods are allowed: error.  no-console
450:3  Warning: Use logger from @/lib/logger instead of console. Example: logger.info('message', { context })  no-restricted-syntax
450:3  Warning: Unexpected console statement. Only these console methods are allowed: error.  no-console
451:3  Warning: Use logger from @/lib/logger instead of console. Example: logger.info('message', { context })  no-restricted-syntax
451:3  Warning: Unexpected console statement. Only these console methods are allowed: error.  no-console
452:3  Warning: Use logger from @/lib/logger instead of console. Example: logger.info('message', { context })  no-restricted-syntax
452:3  Warning: Unexpected console statement. Only these console methods are allowed: error.  no-console
453:3  Warning: Use logger from @/lib/logger instead of console. Example: logger.info('message', { context })  no-restricted-syntax
453:3  Warning: Unexpected console statement. Only these console methods are allowed: error.  no-console
454:3  Warning: Use logger from @/lib/logger instead of console. Example: logger.info('message', { context })  no-restricted-syntax
454:3  Warning: Unexpected console statement. Only these console methods are allowed: error.  no-console
455:3  Warning: Use logger from @/lib/logger instead of console. Example: logger.info('message', { context })  no-restricted-syntax
455:3  Warning: Unexpected console statement. Only these console methods are allowed: error.  no-console
456:3  Warning: Use logger from @/lib/logger instead of console. Example: logger.info('message', { context })  no-restricted-syntax
456:3  Warning: Unexpected console statement. Only these console methods are allowed: error.  no-console
457:3  Warning: Use logger from @/lib/logger instead of console. Example: logger.info('message', { context })  no-restricted-syntax
457:3  Warning: Unexpected console statement. Only these console methods are allowed: error.  no-console
460:5  Warning: Use logger from @/lib/logger instead of console. Example: logger.info('message', { context })  no-restricted-syntax
460:5  Warning: Unexpected console statement. Only these console methods are allowed: error.  no-console
462:7  Warning: Use logger from @/lib/logger instead of console. Example: logger.info('message', { context })  no-restricted-syntax
462:7  Warning: Unexpected console statement. Only these console methods are allowed: error.  no-console
467:5  Warning: Use logger from @/lib/logger instead of console. Example: logger.info('message', { context })  no-restricted-syntax
467:5  Warning: Unexpected console statement. Only these console methods are allowed: error.  no-console
469:7  Warning: Use logger from @/lib/logger instead of console. Example: logger.info('message', { context })  no-restricted-syntax
469:7  Warning: Unexpected console statement. Only these console methods are allowed: error.  no-console
473:3  Warning: Use logger from @/lib/logger instead of console. Example: logger.info('message', { context })  no-restricted-syntax
473:3  Warning: Unexpected console statement. Only these console methods are allowed: error.  no-console

info  - Need to disable some ESLint rules? Learn more here: https://nextjs.org/docs/app/api-reference/config/eslint#disabling-rules
Failed to compile.

./src/hooks/useAuth.ts:38:40
Type error: Argument of type '"User logged in" | "No session"' is not assignable to parameter of type 'LogMetadata | undefined'.
  Type 'string' is not assignable to type 'LogMetadata'.

[0m [90m 36 |[39m         }
 [90m 37 |[39m
[31m[1m>[22m[39m[90m 38 |[39m         logger[33m.[39minfo([32m'Session result:'[39m[33m,[39m session [33m?[39m [32m'User logged in'[39m [33m:[39m [32m'No session'[39m)
 [90m    |[39m                                        [31m[1m^[22m[39m
 [90m 39 |[39m         setUser(session[33m?[39m[33m.[39muser [33m||[39m [36mnull[39m)
 [90m 40 |[39m
 [90m 41 |[39m         [36mif[39m (session[33m?[39m[33m.[39muser) {[0m
Next.js build worker exited with code: 1 and signal: null
npm notice
npm notice New major version of npm available! 10.9.3 -> 11.6.2
npm notice Changelog: https://github.com/npm/cli/releases/tag/v11.6.2
npm notice To update run: npm install -g npm@11.6.2
npm notice
